// Jest Snapshot v1, https://goo.gl/fbAQLP

exports[`[Button] shared component test component and snapshot matches 1`] = `
<button
  className="sc-bwzfXH fWdDwp"
  style={
    Object {
      "height": "60px",
    }
  }
  type="button"
>
  <div>
    <span
      className="sc-htpNat esLJJJ"
      style={Object {}}
    >
      Button 2nd test
    </span>
  </div>
</button>
`;
