// Jest Snapshot v1, https://goo.gl/fbAQLP

exports[`[Intro] screen rendering test should render outer component and snapshot matches 1`] = `
<div
  className="sc-bZQynM grfgbi"
>
  <div
    className="sc-gzVnrw coPpBh"
  >
    <span
      className="sc-dnqmqq VQuaM"
    >
      
    </span>
    <span
      className="sc-dnqmqq VQuaM"
    >
      
    </span>
    <span
      className="sc-dnqmqq VQuaM"
    >
      
    </span>
  </div>
  <div
    className="sc-htoDjs jtOwzg"
  >
    <button
      className="sc-bwzfXH fWdDwp"
      onClick={[Function]}
      style={
        Object {
          "height": "60px",
        }
      }
      type="button"
    >
      <div>
        <span
          className="sc-htpNat esLJJJ"
          style={Object {}}
        >
          회원가입 화면
        </span>
      </div>
    </button>
    <button
      className="sc-bwzfXH fWdDwp"
      onClick={[Function]}
      style={
        Object {
          "height": "60px",
        }
      }
      type="button"
    >
      <div>
        <span
          className="sc-htpNat esLJJJ"
          style={Object {}}
        >
          로그인 화면
        </span>
      </div>
    </button>
    <button
      className="sc-bwzfXH fWdDwp"
      onClick={[Function]}
      style={
        Object {
          "height": "60px",
        }
      }
      type="button"
    >
      <div>
        <span
          className="sc-htpNat esLJJJ"
          style={Object {}}
        >
          메인 화면
        </span>
      </div>
    </button>
    <button
      className="sc-bwzfXH fWdDwp"
      onClick={[Function]}
      style={
        Object {
          "height": "60px",
        }
      }
      type="button"
    >
      <div>
        <span
          className="sc-htpNat esLJJJ"
          style={Object {}}
        >
          이동하기
        </span>
      </div>
    </button>
  </div>
</div>
`;
